
$ git config --global user.name "****"



$ git config --global user.email "*****"


$ mkdir NewRepo


$ cd NewRepo

$ git init
Initialized empty Git repository in C:/Users/91979/NewRepo/.git/


$ ls

$ ls -a
./  ../  .git/


$ cd .git


$ ls
HEAD  config  description  hooks/  info/  objects/  refs/


$ cd ..


$ git status
On branch master

No commits yet

nothing to commit (create/copy files and use "git add" to track)


$ git add vara.txt


$ git status
On branch master

No commits yet

Changes to be committed:
  (use "git rm --cached <file>..." to unstage)
        new file:   vara.txt



$ git commit -m "this is my first commit"
[master (root-commit) 45f4231] this is my first commit
 1 file changed, 1 insertion(+)
 create mode 100644 vara.txt


$ git status
On branch master
nothing to commit, working tree clean





$ git remote add origin https://github.com/vara-hub/NewRepo.git


$ git branch -M main


$ git push -u origin main
info: please complete authentication in your browser...
Enumerating objects: 3, done.
Counting objects: 100% (3/3), done.
Writing objects: 100% (3/3), 245 bytes | 15.00 KiB/s, done.
Total 3 (delta 0), reused 0 (delta 0), pack-reused 0 (from 0)
To https://github.com/vara-hub/NewRepo.git
 * [new branch]      main -> main
branch 'main' set up to track 'origin/main'.
